
> docusaurus-lms-demo@0.1.15 build
> docusaurus build


 ------------------------------------------------------------------------------                                                                                                          Update available 3.8.1 → 3.9.2                                                                                                                 To upgrade Docusaurus packages with the latest version, run the                                       following command:                                       `npm i @docusaurus/core@latest @docusaurus/preset-classic@latest             @docusaurus/theme-mermaid@latest @docusaurus/module-type-aliases@latest                  @docusaurus/tsconfig@latest @docusaurus/types@latest`                                                                                               ------------------------------------------------------------------------------ 

[INFO] [en] Creating an optimized production build...
[WARNING] Docusaurus found blog posts without truncation markers:
- "blog/2025-07-01-release6.0.0/index.md"
- "blog/2024-06-19-release5.0.0/index.md"
- "blog/2024-03-29-release4.0.0/index.md"
- "blog/2024-01-29-release3.0.0/index.md"
- "blog/2023-11-28-release2.0.0/index.md"
- "blog/2023-09-11-release0.3.0/index.md"
- "blog/2023-07-04-release0.1.0/index.md"

We recommend using truncation markers (`<!-- truncate -->` or `{/* truncate */}`) in blog posts to create shorter previews on blog paginated lists.
Tip: turn this security off with the `onUntruncatedBlogPosts: 'ignore'` blog plugin option.
[WARNING] Cannot infer the update date for some files, as they are not tracked by git.
[webpackbar] ℹ Compiling Client
[webpackbar] ℹ Compiling Server
[webpackbar] ✔ Server: Compiled successfully in 3.20s
[webpackbar] ✔ Client: Compiled successfully in 6.46s

[ERROR] Error: Unable to build website for locale en.
    at tryToBuildLocale (/Users/ndespres/poc-florian-2/sf-explorer-app/documentation/node_modules/@docusaurus/core/lib/commands/build/build.js:78:15)
    at async /Users/ndespres/poc-florian-2/sf-explorer-app/documentation/node_modules/@docusaurus/core/lib/commands/build/build.js:34:9
    ... 4 lines matching cause stack trace ...
    at async file:///Users/ndespres/poc-florian-2/sf-explorer-app/documentation/node_modules/@docusaurus/core/bin/docusaurus.mjs:44:3 {
  [cause]: Error: Docusaurus static site generation failed for 1 paths:
  - "/genai/einstein-model-testing/sample-prompts"
      at throwSSGError (/Users/ndespres/poc-florian-2/sf-explorer-app/documentation/node_modules/@docusaurus/core/lib/ssg/ssgGlobalResult.js:56:11)
      at createGlobalSSGResult (/Users/ndespres/poc-florian-2/sf-explorer-app/documentation/node_modules/@docusaurus/core/lib/ssg/ssgGlobalResult.js:66:9)
      ... 11 lines matching cause stack trace ...
      at async file:///Users/ndespres/poc-florian-2/sf-explorer-app/documentation/node_modules/@docusaurus/core/bin/docusaurus.mjs:44:3 {
    [cause]: AggregateError
        at throwSSGError (/Users/ndespres/poc-florian-2/sf-explorer-app/documentation/node_modules/@docusaurus/core/lib/ssg/ssgGlobalResult.js:57:16)
        at createGlobalSSGResult (/Users/ndespres/poc-florian-2/sf-explorer-app/documentation/node_modules/@docusaurus/core/lib/ssg/ssgGlobalResult.js:66:9)
        at /Users/ndespres/poc-florian-2/sf-explorer-app/documentation/node_modules/@docusaurus/core/lib/ssg/ssgExecutor.js:30:68
        at async executeSSG (/Users/ndespres/poc-florian-2/sf-explorer-app/documentation/node_modules/@docusaurus/core/lib/ssg/ssgExecutor.js:144:20)
        at async buildLocale (/Users/ndespres/poc-florian-2/sf-explorer-app/documentation/node_modules/@docusaurus/core/lib/commands/build/buildLocale.js:83:31)
        at async runBuildLocaleTask (/Users/ndespres/poc-florian-2/sf-explorer-app/documentation/node_modules/@docusaurus/core/lib/commands/build/build.js:93:5)
        at async /Users/ndespres/poc-florian-2/sf-explorer-app/documentation/node_modules/@docusaurus/core/lib/commands/build/build.js:74:13
        at async tryToBuildLocale (/Users/ndespres/poc-florian-2/sf-explorer-app/documentation/node_modules/@docusaurus/core/lib/commands/build/build.js:70:9)
        at async /Users/ndespres/poc-florian-2/sf-explorer-app/documentation/node_modules/@docusaurus/core/lib/commands/build/build.js:34:9
        at async mapAsyncSequential (/Users/ndespres/poc-florian-2/sf-explorer-app/documentation/node_modules/@docusaurus/utils/lib/jsUtils.js:21:24)
        at async Command.build (/Users/ndespres/poc-florian-2/sf-explorer-app/documentation/node_modules/@docusaurus/core/lib/commands/build/build.js:33:5)
        at async Promise.all (index 0)
        at async runCLI (/Users/ndespres/poc-florian-2/sf-explorer-app/documentation/node_modules/@docusaurus/core/lib/commands/cli.js:56:5)
        at async file:///Users/ndespres/poc-florian-2/sf-explorer-app/documentation/node_modules/@docusaurus/core/bin/docusaurus.mjs:44:3 {
      [errors]: [
        Error: Can't render static file for pathname "/genai/einstein-model-testing/sample-prompts"
            at generateStaticFile (/Users/ndespres/poc-florian-2/sf-explorer-app/documentation/node_modules/@docusaurus/core/lib/ssg/ssgRenderer.js:131:20)
            at processTicksAndRejections (node:internal/process/task_queues:105:5)
            at runNextTicks (node:internal/process/task_queues:69:3)
            at process.processImmediate (node:internal/timers:453:9)
            at async /Users/ndespres/poc-florian-2/sf-explorer-app/documentation/node_modules/p-map/index.js:57:22 {
          [cause]: ReferenceError: meeting_notes is not defined
              at _createMdxContent (server.bundle.js:111737:15)
              at MDXContent (server.bundle.js:111896:8)
              at Uc (server.bundle.js:19210:44)
              at Xc (server.bundle.js:19212:253)
              at Z (server.bundle.js:19218:89)
              at Xc (server.bundle.js:19216:231)
              at Z (server.bundle.js:19218:89)
              at Xc (server.bundle.js:19212:481)
              at Z (server.bundle.js:19218:89)
              at Xc (server.bundle.js:19212:481)
        }
      ]
    }
  }
}
[INFO] Docusaurus version: 3.8.1
Node version: v22.17.1
